[    1549ms] [LOG] Environment extended with app config @ https://repositorioacademico.upc.edu.pe/main.618158271dbf63ef.js:0
[    1605ms] [INFO]  @ https://repositorioacademico.upc.edu.pe/main.618158271dbf63ef.js:0
[    1605ms] [INFO] %cdspace-angular font-weight: bold; @ https://repositorioacademico.upc.edu.pe/main.618158271dbf63ef.js:0
[    1605ms] [INFO] Version: %c7.6.0 font-weight: bold; @ https://repositorioacademico.upc.edu.pe/main.618158271dbf63ef.js:0
[    1605ms] [INFO] Environment: %cProduction color: red; font-weight: bold; @ https://repositorioacademico.upc.edu.pe/main.618158271dbf63ef.js:0
[    1605ms] [INFO]  @ https://repositorioacademico.upc.edu.pe/main.618158271dbf63ef.js:0
[    3322ms] [LOG] Environment extended with app config @ https://repositorioacademico.upc.edu.pe/main.618158271dbf63ef.js:0
[    3348ms] [INFO]  @ https://repositorioacademico.upc.edu.pe/main.618158271dbf63ef.js:0
[    3349ms] [INFO] %cdspace-angular font-weight: bold; @ https://repositorioacademico.upc.edu.pe/main.618158271dbf63ef.js:0
[    3349ms] [INFO] Version: %c7.6.0 font-weight: bold; @ https://repositorioacademico.upc.edu.pe/main.618158271dbf63ef.js:0
[    3349ms] [INFO] Environment: %cProduction color: red; font-weight: bold; @ https://repositorioacademico.upc.edu.pe/main.618158271dbf63ef.js:0
[    3349ms] [INFO]  @ https://repositorioacademico.upc.edu.pe/main.618158271dbf63ef.js:0
[    4331ms] [ERROR] Failed to load resource: the server responded with a status of 401 () @ https://repositorioacademico.upc.edu.pe/server/api/system/scripts/metadata-import:0
[    4331ms] [ERROR] Failed to load resource: the server responded with a status of 401 () @ https://repositorioacademico.upc.edu.pe/server/api/system/scripts/metadata-export:0
[    5069ms] [ERROR] Failed to load resource: the server responded with a status of 401 () @ https://repositorioacademico.upc.edu.pe/server/api/core/item/20f3d8ab-32ad-5037-ab44-888fa676c917/atmireavsconfig:0
[    6772ms] [WARNING] The response for 'https://repositorioacademico.upc.edu.pe/server/api/core/items/20f3d8ab-32ad-5037-ab44-888fa676c917/bundles?size=9999' has the self link 'https://repositorioacademico.upc.edu.pe/server/api/core/items/20f3d8ab-32ad-5037-ab44-888fa676c917/bundles?embed=primaryBitstream&embed=bitstreams/format&embed.size=bitstreams=5&size=1000'. These don't match. This could mean there's an issue with the REST endpoint @ https://repositorioacademico.upc.edu.pe/main.618158271dbf63ef.js:0
[    7332ms] [WARNING] The response for 'https://repositorioacademico.upc.edu.pe/server/api/core/bundles/8d179607-521d-5bd2-8dde-c5a941e869dc/bitstreams?page=0&size=5' has the self link 'https://repositorioacademico.upc.edu.pe/server/api/core/bundles/8d179607-521d-5bd2-8dde-c5a941e869dc/bitstreams?page=0&embed=format&embed=thumbnail&embed=accessConditions&embed=requestAccess&size=5'. These don't match. This could mean there's an issue with the REST endpoint @ https://repositorioacademico.upc.edu.pe/main.618158271dbf63ef.js:0
[    7840ms] [ERROR] Failed to load resource: the server responded with a status of 401 () @ https://repositorioacademico.upc.edu.pe/server/api/core/bitstreams/f98a3752-b000-5cf5-8c9b-b60a713c7050/thumbnail:0
[    7854ms] [ERROR] Failed to load resource: the server responded with a status of 401 () @ https://repositorioacademico.upc.edu.pe/server/api/core/bitstreams/39b6fdda-7746-550e-ab82-6a292ff4080e/thumbnail:0
[   64692ms] [ERROR] Failed to load resource: the server responded with a status of 401 () @ https://repositorioacademico.upc.edu.pe/server/api/core/bitstreams/5b809a42-2507-558e-8c50-713fb88423d2/atmireavsconversion:0
[   64699ms] [ERROR] Failed to load resource: the server responded with a status of 401 () @ https://repositorioacademico.upc.edu.pe/server/api/core/bitstream/5b809a42-2507-558e-8c50-713fb88423d2/atmireavsconfig:0
