[    2086ms] [LOG] CMPL EMBED: Root Url -- https://app.cadmoremedia.com @ https://app.cadmoremedia.com/Scripts/Embed.js:12
[    2089ms] [LOG] CMPL PICTURE_POP: Root Url -- https://stream.cadmore.media @ https://app.cadmoremedia.com/Scripts/PicturePop.js:18
[    3416ms] [WARNING] [GPT] Slot.setTargeting is deprecated, use Slot.setConfig({targeting: ...}) instead.
https://goo.gle/gpt-message#171 @ https://securepubads.g.doubleclick.net/pagead/managed/js/gpt/m202605280101/pubads_impl.js?cb=31098867:18
[    3419ms] [WARNING] [GPT] PubAdsService.collapseEmptyDivs is deprecated, use googletag.setConfig({collapseDiv: ...}) instead.
https://goo.gle/gpt-message#170 @ https://securepubads.g.doubleclick.net/pagead/managed/js/gpt/m202605280101/pubads_impl.js?cb=31098867:18
[    4028ms] [LOG] Embed.JS is not loaded yet.  Retrying. @ https://app.cadmoremedia.com/Scripts/PicturePop.js:144
[    4229ms] [LOG] Tealium Event tags from tealiumTagData will not be fired from JSP pages - UnExpected value for data4eventTags: [] @ https://ieeexplore.ieee.org/assets/dist/js/analytics/tealiumAnalytics.js?cv=20260331_00000:0
[    4240ms] [LOG] No intialized handler @ https://service.seamlessaccess.org/ps_de7abba6197b1ec1abce.js:1
[    4254ms] [LOG] CMPL EMBED: Root Url -- https://stream.cadmore.media @ https://stream.cadmore.media/Scripts/Embed.js:12
[    4257ms] [LOG] CMPL: Loaded Embed.js. @ https://app.cadmoremedia.com/Scripts/PicturePop.js:527
[    4592ms] [WARNING] Google Deploy of the SharedId library has been deprecated. Please select another option in the GAM UI. If you use Prebid, we suggest the Prebid.js UserId option. If you do not, you may configure GAM to allow Google to share a first party user identifier with OB and AB participants, which is either the publisherProvidedId or the __gads value when that is missing. @ https://cdn.jsdelivr.net/gh/prebid/shared-id/pubcid.js/docs/pubcid.min.js:0
[    4844ms] [ERROR] Failed to load resource: the server responded with a status of 502 () @ https://ieeexplore.ieee.org/rest/document/10440604/toc:0
[    4883ms] [LOG] %cNovatiq: %c%s color:blue color:#997300 Novatiq core integration library version: 2.3.cdn @ https://cdn.fusion-platform.com/static/js/novatiq_gam_integration.min.js:0
[    5326ms] [ERROR] Access to XMLHttpRequest at 'https://scholar.google.com/scholar_casa?url=https%3A%2F%2Fieeexplore.ieee.org%2Fdocument%2F10440604' from origin 'https://ieeexplore.ieee.org' has been blocked by CORS policy: No 'Access-Control-Allow-Origin' header is present on the requested resource. @ https://ieeexplore.ieee.org/document/10440604:0
[    5327ms] [ERROR] Failed to load resource: net::ERR_FAILED @ https://scholar.google.com/scholar_casa?url=https%3A%2F%2Fieeexplore.ieee.org%2Fdocument%2F10440604:0
[    5350ms] [ERROR] Failed to load resource: the server responded with a status of 502 () @ https://ieeexplore.ieee.org/rest/document/10440604/similar:0
[    5368ms] [WARNING] [GPT] Using deprecated googletag.encryptedSignalProviders. Please use googletag.secureSignalProviders instead.
https://goo.gle/gpt-message#155 @ https://securepubads.g.doubleclick.net/pagead/managed/js/gpt/m202605280101/pubads_impl.js?cb=31098867:18
[    5464ms] [ERROR] Failed to load resource: the server responded with a status of 400 () @ https://ups.analytics.yahoo.com/ups/58813/fed?gpp_sid=-1&v=1&url=https%3A%2F%2Fieeexplore.ieee.org%2Fdocument%2F10440604:0
[    5632ms] [WARNING] failed set a visitor_id to the iframe LS @ https://ieee.hum.works/js/main.js:0
[    5950ms] [WARNING] [GPT] Using deprecated googletag.encryptedSignalProviders. Please use googletag.secureSignalProviders instead.
https://goo.gle/gpt-message#155 @ https://securepubads.g.doubleclick.net/pagead/managed/js/gpt/m202605280101/pubads_impl.js?cb=31098867:18
[    6050ms] [ERROR] Attestation check for Shared Storage on https://www.googleadservices.com failed. @ https://www.googleadservices.com/pagead/managed/js/activeview/current/reach_worklet.html:0
[    6070ms] [ERROR] Attestation check for Shared Storage on https://www.googleadservices.com failed. @ https://www.googleadservices.com/pagead/managed/js/activeview/current/reach_worklet.html:0
[    6301ms] [VERBOSE] [DOM] Input elements should have autocomplete attributes (suggested: "current-password"): (More info: https://goo.gl/9p2vKq) %o @ https://disqus.com/embed/comments/?base=default&f=ieeexplore&t_i=10440604&t_u=https%3A%2F%2Fieeexplore.ieee.org%2Fdocument%2F10440604&t_e=Explainable%20AI%20for%20Intrusion%20Detection%20Systems%3A%20LIME%20and%20SHAP%20Applicability%20on%20Multi-Layer%20Perceptron&t_d=Explainable%20AI%20for%20Intrusion%20Detection%20Systems%3A%20LIME%20and%20SHAP%20Applicability%20on%20Multi-Layer%20Perceptron&t_t=Explainable%20AI%20for%20Intrusion%20Detection%20Systems%3A%20LIME%20and%20SHAP%20Applicability%20on%20Multi-Layer%20Perceptron&s_o=default&l=en#version=44100eacbbb9d02d068e8b1f92951cf2:0
[    7296ms] [INFO] Loading the script 'https://www.gstatic.com/_/mss/boq-identity/_/js/k=boq-identity.IdpIFrameHttp.es_419.oRXeBE4GIJc.2018.O/am=BBDACQ/d=1/rs=AOaEmlHuZuBqO-zXG7_OjjWQ34GnDfn4eg/m=base' violates the following Content Security Policy directive: "script-src 'unsafe-inline' 'unsafe-eval' blob: data:". Note that 'script-src-elem' was not explicitly set, so 'script-src' is used as a fallback. The policy is report-only, so the violation has been logged but no further action has been taken. @ https://accounts.google.com/o/oauth2/iframe#origin=https%3A%2F%2Fdisqus.com&rpcToken=739659454.4738044&clearCache=1&supportBlocked3PCookies=1:0
[    7541ms] [ERROR] Failed to load resource: the server responded with a status of 400 () @ https://accounts.google.com/_/IdpIFrameHttp/cspreport/fine-allowlist:0
[    7749ms] [WARNING] Your client application uses libraries for user authentication or authorization that are deprecated. See the [Migration Guide](https://developers.google.com/identity/gsi/web/guides/gis-migration) for more information. @ https://c.disquscdn.com/next/embed/common.bundle.b55d27c570b9a1d7c55230a121a02945.js:6
[    7879ms] [VERBOSE] [DOM] Input elements should have autocomplete attributes (suggested: "current-password"): (More info: https://goo.gl/9p2vKq) %o @ https://disqus.com/embed/comments/?base=default&f=ieeexplore&t_i=10440604&t_u=https%3A%2F%2Fieeexplore.ieee.org%2Fdocument%2F10440604&t_e=Explainable%20AI%20for%20Intrusion%20Detection%20Systems%3A%20LIME%20and%20SHAP%20Applicability%20on%20Multi-Layer%20Perceptron&t_d=Explainable%20AI%20for%20Intrusion%20Detection%20Systems%3A%20LIME%20and%20SHAP%20Applicability%20on%20Multi-Layer%20Perceptron&t_t=Explainable%20AI%20for%20Intrusion%20Detection%20Systems%3A%20LIME%20and%20SHAP%20Applicability%20on%20Multi-Layer%20Perceptron&s_o=default&l=en#version=44100eacbbb9d02d068e8b1f92951cf2:0
[    8686ms] [ERROR] Failed to load resource: the server responded with a status of 403 () @ https://ieeexplore.ieee.org/favicon.ico:0
